// Jest Snapshot v1, https://goo.gl/fbAQLP

exports[`basic postcss-config: js code 1`] = `
"'use strict';

function styleInject(css, ref) {
  if ( ref === void 0 ) ref = {};
  var insertAt = ref.insertAt;

  if (!css || typeof document === 'undefined') { return; }

  var head = document.head || document.getElementsByTagName('head')[0];
  var style = document.createElement('style');
  style.type = 'text/css';

  if (insertAt === 'top') {
    if (head.firstChild) {
      head.insertBefore(style, head.firstChild);
    } else {
      head.appendChild(style);
    }
  } else {
    head.appendChild(style);
  }

  if (style.styleSheet) {
    style.styleSheet.cssText = css;
  } else {
    style.appendChild(document.createTextNode(css));
  }
}

var css = \\"a {\\\\n  color: blue\\\\n}\\\\n\\\\n.multiline,\\\\n.selector {\\\\n  box-shadow: 1px 0 9px rgba(0, 0, 0, .4),\\\\n              1px 0 3px rgba(0, 0, 0, .6)\\\\n}\\\\n\\";
styleInject(css);
"
`;

exports[`basic postcss-options: js code 1`] = `
"'use strict';

function styleInject(css, ref) {
  if ( ref === void 0 ) ref = {};
  var insertAt = ref.insertAt;

  if (!css || typeof document === 'undefined') { return; }

  var head = document.head || document.getElementsByTagName('head')[0];
  var style = document.createElement('style');
  style.type = 'text/css';

  if (insertAt === 'top') {
    if (head.firstChild) {
      head.insertBefore(style, head.firstChild);
    } else {
      head.appendChild(style);
    }
  } else {
    head.appendChild(style);
  }

  if (style.styleSheet) {
    style.styleSheet.cssText = css;
  } else {
    style.appendChild(document.createTextNode(css));
  }
}

var css = \\"body {\\\\n  display: -webkit-box;\\\\n  display: flex;\\\\n}\\\\n\\";
styleInject(css);
"
`;

exports[`basic simple: js code 1`] = `
"'use strict';

function styleInject(css, ref) {
  if ( ref === void 0 ) ref = {};
  var insertAt = ref.insertAt;

  if (!css || typeof document === 'undefined') { return; }

  var head = document.head || document.getElementsByTagName('head')[0];
  var style = document.createElement('style');
  style.type = 'text/css';

  if (insertAt === 'top') {
    if (head.firstChild) {
      head.insertBefore(style, head.firstChild);
    } else {
      head.appendChild(style);
    }
  } else {
    head.appendChild(style);
  }

  if (style.styleSheet) {
    style.styleSheet.cssText = css;
  } else {
    style.appendChild(document.createTextNode(css));
  }
}

var css = \\"body {\\\\n  color: red;\\\\n}\\\\n\\";
styleInject(css);

var css$1 = \\".bar {\\\\n  color: red;\\\\n}\\\\n\\";
styleInject(css$1);

var css$2 = \\"body {\\\\n  color: #f00;\\\\n  background: #f00;\\\\n}\\\\n\\";
styleInject(css$2);

var css$3 = \\"#sidebar {\\\\n  width: 30%;\\\\n  background-color: #faa;\\\\n}\\";
styleInject(css$3);

var css$4 = \\"#header {\\\\n  color: #6c94be;\\\\n}\\\\n\\";
styleInject(css$4);

var css$5 = \\".pcss {\\\\n  color: red;\\\\n}\\\\n\\";
styleInject(css$5);

console.log(css, css$1);
"
`;

exports[`basic skip-loader: js code 1`] = `
"'use strict';

function styleInject(css, ref) {
  if ( ref === void 0 ) ref = {};
  var insertAt = ref.insertAt;

  if (!css || typeof document === 'undefined') { return; }

  var head = document.head || document.getElementsByTagName('head')[0];
  var style = document.createElement('style');
  style.type = 'text/css';

  if (insertAt === 'top') {
    if (head.firstChild) {
      head.insertBefore(style, head.firstChild);
    } else {
      head.appendChild(style);
    }
  } else {
    head.appendChild(style);
  }

  if (style.styleSheet) {
    style.styleSheet.cssText = css;
  } else {
    style.appendChild(document.createTextNode(css));
  }
}

var css = \\"body {\\\\n  color: red;\\\\n}\\\\n\\";
styleInject(css);
"
`;

exports[`extract custom-path: css code 1`] = `
"body {
  color: red;
}

.bar {
  color: red;
}

body {
  color: #f00;
  background: #f00;
}
/*# sourceMappingURL=test/fixtures/simple/style.css.map */
#sidebar {
  width: 30%;
  background-color: #faa;
}
#header {
  color: #6c94be;
}

.pcss {
  color: red;
}

/*# sourceMappingURL=this/is/extracted.css.map */"
`;

exports[`extract custom-path: css map 1`] = `"{\\"version\\":3,\\"sources\\":[\\"foo.css\\",\\"bar.css\\",\\"test/fixtures/simple/style.styl\\",\\"style.styl\\",\\"style.sass\\",\\"test/fixtures/simple/style.less\\",\\"style.less\\",\\"style.pcss\\"],\\"names\\":[],\\"mappings\\":\\"AAAA;EACE,UAAU;AACZ;;ACFA;EACE,UAAU;AACZ;;ACFA;EACE,WAAO;EACP,gBAAY;ACCd;AACA,yDAAyD;ACJzD;EACE,UAAU;EACV,sBAAsB;AACxB;ACAA;EACE,cAAA;ACFF;;ACFA;EACE,UAAU;AACZ\\",\\"file\\":\\"this/is/extracted.css\\",\\"sourcesContent\\":[\\"body {\\\\n  color: red;\\\\n}\\\\n\\",\\".bar {\\\\n  color: red;\\\\n}\\\\n\\",null,null,\\"#sidebar {\\\\n  width: 30%;\\\\n  background-color: #faa;\\\\n}\\",null,null,\\".pcss {\\\\n  color: red;\\\\n}\\\\n\\"]}"`;

exports[`extract custom-path: js code 1`] = `
"'use strict';

console.log(undefined, undefined);
"
`;

exports[`extract sourcemap-inline: css code 1`] = `
"body {
  color: red;
}

.bar {
  color: red;
}

body {
  color: #f00;
  background: #f00;
}
/*# sourceMappingURL=test/fixtures/simple/style.css.map */
#sidebar {
  width: 30%;
  background-color: #faa;
}

/*# sourceMappingURL=inline */
#header {
  color: #6c94be;
}

.pcss {
  color: red;
}

/*# sourceMappingURL=data:application/json;base64,eyJ2ZXJzaW9uIjozLCJzb3VyY2VzIjpbImZvby5jc3MiLCJiYXIuY3NzIiwidGVzdC9maXh0dXJlcy9zaW1wbGUvc3R5bGUuc3R5bCIsInN0eWxlLnN0eWwiLCJmaWxlOi8vL1VzZXJzL2J1bmcvanNfd29ya3Mvcm9sbHVwLXBsdWdpbi1wb3N0Y3NzL3Rlc3QvZml4dHVyZXMvc2ltcGxlL3N0eWxlLnNhc3MiLCJzdHlsZS5zYXNzIiwidGVzdC9maXh0dXJlcy9zaW1wbGUvc3R5bGUubGVzcyIsInN0eWxlLmxlc3MiLCJzdHlsZS5wY3NzIl0sIm5hbWVzIjpbXSwibWFwcGluZ3MiOiJBQUFBO0VBQ0UsVUFBVTtBQUNaOztBQ0ZBO0VBQ0UsVUFBVTtBQUNaOztBQ0ZBO0VBQ0UsV0FBTztFQUNQLGdCQUFZO0FDQ2Q7QUFDQSx5REFBeUQ7QUNKekQ7RUFDRSxVQUFBO0VBQ0Esc0JBQUE7QUNDRjs7QUFFQSw2QkFBNkI7QUNGN0I7RUFDRSxjQUFBO0FDRkY7O0FDRkE7RUFDRSxVQUFVO0FBQ1oiLCJmaWxlIjoiYnVuZGxlLmNzcyIsInNvdXJjZXNDb250ZW50IjpbImJvZHkge1xuICBjb2xvcjogcmVkO1xufVxuIiwiLmJhciB7XG4gIGNvbG9yOiByZWQ7XG59XG4iLG51bGwsbnVsbCxudWxsLG51bGwsbnVsbCxudWxsLCIucGNzcyB7XG4gIGNvbG9yOiByZWQ7XG59XG4iXX0=*/"
`;

exports[`extract sourcemap-inline: js code 1`] = `
"'use strict';

console.log(undefined, undefined);
"
`;

exports[`extract sourcemap-true: css code 1`] = `
"body {
  color: red;
}

.bar {
  color: red;
}

body {
  color: #f00;
  background: #f00;
}
/*# sourceMappingURL=test/fixtures/simple/style.css.map */
#sidebar {
  width: 30%;
  background-color: #faa;
}
#header {
  color: #6c94be;
}

.pcss {
  color: red;
}

/*# sourceMappingURL=bundle.css.map */"
`;

exports[`extract sourcemap-true: css map 1`] = `"{\\"version\\":3,\\"sources\\":[\\"foo.css\\",\\"bar.css\\",\\"test/fixtures/simple/style.styl\\",\\"style.styl\\",\\"style.sass\\",\\"test/fixtures/simple/style.less\\",\\"style.less\\",\\"style.pcss\\"],\\"names\\":[],\\"mappings\\":\\"AAAA;EACE,UAAU;AACZ;;ACFA;EACE,UAAU;AACZ;;ACFA;EACE,WAAO;EACP,gBAAY;ACCd;AACA,yDAAyD;ACJzD;EACE,UAAU;EACV,sBAAsB;AACxB;ACAA;EACE,cAAA;ACFF;;ACFA;EACE,UAAU;AACZ\\",\\"file\\":\\"bundle.css\\",\\"sourcesContent\\":[\\"body {\\\\n  color: red;\\\\n}\\\\n\\",\\".bar {\\\\n  color: red;\\\\n}\\\\n\\",null,null,\\"#sidebar {\\\\n  width: 30%;\\\\n  background-color: #faa;\\\\n}\\",null,null,\\".pcss {\\\\n  color: red;\\\\n}\\\\n\\"]}"`;

exports[`extract sourcemap-true: js code 1`] = `
"'use strict';

console.log(undefined, undefined);
"
`;

exports[`extract true: css code 1`] = `
"body {
  color: red;
}

.bar {
  color: red;
}

body {
  color: #f00;
  background: #f00;
}

#sidebar {
  width: 30%;
  background-color: #faa;
}
#header {
  color: #6c94be;
}

.pcss {
  color: red;
}
"
`;

exports[`extract true: js code 1`] = `
"'use strict';

console.log(undefined, undefined);
"
`;

exports[`inject false: js code 1`] = `
"'use strict';

var css = \\"body {\\\\n  color: red;\\\\n}\\\\n\\";

var css$1 = \\".bar {\\\\n  color: red;\\\\n}\\\\n\\";

console.log(css, css$1);
"
`;

exports[`inject top: js code 1`] = `
"'use strict';

function styleInject(css, ref) {
  if ( ref === void 0 ) ref = {};
  var insertAt = ref.insertAt;

  if (!css || typeof document === 'undefined') { return; }

  var head = document.head || document.getElementsByTagName('head')[0];
  var style = document.createElement('style');
  style.type = 'text/css';

  if (insertAt === 'top') {
    if (head.firstChild) {
      head.insertBefore(style, head.firstChild);
    } else {
      head.appendChild(style);
    }
  } else {
    head.appendChild(style);
  }

  if (style.styleSheet) {
    style.styleSheet.cssText = css;
  } else {
    style.appendChild(document.createTextNode(css));
  }
}

var css = \\"body {\\\\n  color: red;\\\\n}\\\\n\\";
styleInject(css,{\\"insertAt\\":\\"top\\"});

var css$1 = \\".bar {\\\\n  color: red;\\\\n}\\\\n\\";
styleInject(css$1,{\\"insertAt\\":\\"top\\"});

var css$2 = \\"body {\\\\n  color: #f00;\\\\n  background: #f00;\\\\n}\\\\n\\";
styleInject(css$2,{\\"insertAt\\":\\"top\\"});

var css$3 = \\"#sidebar {\\\\n  width: 30%;\\\\n  background-color: #faa;\\\\n}\\";
styleInject(css$3,{\\"insertAt\\":\\"top\\"});

var css$4 = \\"#header {\\\\n  color: #6c94be;\\\\n}\\\\n\\";
styleInject(css$4,{\\"insertAt\\":\\"top\\"});

var css$5 = \\".pcss {\\\\n  color: red;\\\\n}\\\\n\\";
styleInject(css$5,{\\"insertAt\\":\\"top\\"});

console.log(css, css$1);
"
`;

exports[`minimize extract: css code 1`] = `".bar,body{color:red}body{background:red}#sidebar{width:30%;background-color:#faa}#header{color:#6c94be}.pcss{color:red}"`;

exports[`minimize extract: js code 1`] = `
"'use strict';

console.log(undefined, undefined);
"
`;

exports[`minimize extract-sourcemap-inline: css code 1`] = `
".bar,body{color:red}body{background:red}#sidebar{width:30%;background-color:#faa}#header{color:#6c94be}.pcss{color:red}
/*# sourceMappingURL=data:application/json;base64,eyJ2ZXJzaW9uIjozLCJzb3VyY2VzIjpbImJ1bmRsZS5jc3MiXSwibmFtZXMiOltdLCJtYXBwaW5ncyI6IkFBUUEsVUFIRSxTQU1GLENBSEEsS0FFRSxjQUNGLENBRUEsU0FDRSxTQUFVLENBQ1YscUJBQ0YsQ0FHQSxRQUNFLGFBQ0YsQ0FFQSxNQUNFLFNBQ0YiLCJmaWxlIjoiYnVuZGxlLmNzcyIsInNvdXJjZXNDb250ZW50IjpbImJvZHkge1xuICBjb2xvcjogcmVkO1xufVxuXG4uYmFyIHtcbiAgY29sb3I6IHJlZDtcbn1cblxuYm9keSB7XG4gIGNvbG9yOiAjZjAwO1xuICBiYWNrZ3JvdW5kOiAjZjAwO1xufVxuLyojIHNvdXJjZU1hcHBpbmdVUkw9dGVzdC9maXh0dXJlcy9zaW1wbGUvc3R5bGUuY3NzLm1hcCAqL1xuI3NpZGViYXIge1xuICB3aWR0aDogMzAlO1xuICBiYWNrZ3JvdW5kLWNvbG9yOiAjZmFhO1xufVxuXG4vKiMgc291cmNlTWFwcGluZ1VSTD1pbmxpbmUgKi9cbiNoZWFkZXIge1xuICBjb2xvcjogIzZjOTRiZTtcbn1cblxuLnBjc3Mge1xuICBjb2xvcjogcmVkO1xufVxuXG4vKiMgc291cmNlTWFwcGluZ1VSTD1kYXRhOmFwcGxpY2F0aW9uL2pzb247YmFzZTY0LGV5SjJaWEp6YVc5dUlqb3pMQ0p6YjNWeVkyVnpJanBiSW1admJ5NWpjM01pTENKaVlYSXVZM056SWl3aWRHVnpkQzltYVhoMGRYSmxjeTl6YVcxd2JHVXZjM1I1YkdVdWMzUjViQ0lzSW5OMGVXeGxMbk4wZVd3aUxDSm1hV3hsT2k4dkwxVnpaWEp6TDJKMWJtY3Zhbk5mZDI5eWEzTXZjbTlzYkhWd0xYQnNkV2RwYmkxd2IzTjBZM056TDNSbGMzUXZabWw0ZEhWeVpYTXZjMmx0Y0d4bEwzTjBlV3hsTG5OaGMzTWlMQ0p6ZEhsc1pTNXpZWE56SWl3aWRHVnpkQzltYVhoMGRYSmxjeTl6YVcxd2JHVXZjM1I1YkdVdWJHVnpjeUlzSW5OMGVXeGxMbXhsYzNNaUxDSnpkSGxzWlM1d1kzTnpJbDBzSW01aGJXVnpJanBiWFN3aWJXRndjR2x1WjNNaU9pSkJRVUZCTzBWQlEwVXNWVUZCVlR0QlFVTmFPenRCUTBaQk8wVkJRMFVzVlVGQlZUdEJRVU5hT3p0QlEwWkJPMFZCUTBVc1YwRkJUenRGUVVOUUxHZENRVUZaTzBGRFEyUTdRVUZEUVN4NVJFRkJlVVE3UVVOS2VrUTdSVUZEUlN4VlFVRkJPMFZCUTBFc2MwSkJRVUU3UVVORFJqczdRVUZGUVN3MlFrRkJOa0k3UVVOR04wSTdSVUZEUlN4alFVRkJPMEZEUmtZN08wRkRSa0U3UlVGRFJTeFZRVUZWTzBGQlExb2lMQ0ptYVd4bElqb2lZblZ1Wkd4bExtTnpjeUlzSW5OdmRYSmpaWE5EYjI1MFpXNTBJanBiSW1KdlpIa2dlMXh1SUNCamIyeHZjam9nY21Wa08xeHVmVnh1SWl3aUxtSmhjaUI3WEc0Z0lHTnZiRzl5T2lCeVpXUTdYRzU5WEc0aUxHNTFiR3dzYm5Wc2JDeHVkV3hzTEc1MWJHd3NiblZzYkN4dWRXeHNMQ0l1Y0dOemN5QjdYRzRnSUdOdmJHOXlPaUJ5WldRN1hHNTlYRzRpWFgwPSovIl19 */"
`;

exports[`minimize extract-sourcemap-inline: js code 1`] = `
"'use strict';

console.log(undefined, undefined);
"
`;

exports[`minimize extract-sourcemap-true: css code 1`] = `
".bar,body{color:red}body{background:red}#sidebar{width:30%;background-color:#faa}#header{color:#6c94be}.pcss{color:red}
/*# sourceMappingURL=bundle.css.map */"
`;

exports[`minimize extract-sourcemap-true: css map 1`] = `"{\\"version\\":3,\\"sources\\":[\\"test/fixtures/simple/style.styl\\",\\"bar.css\\",\\"style.styl\\",\\"style.sass\\",\\"test/fixtures/simple/style.less\\",\\"style.less\\",\\"style.pcss\\"],\\"names\\":[],\\"mappings\\":\\"AAAA,UCCE,SCEF,CFHA,KAEE,cECF,CCHA,SACE,SAAU,CACV,qBACF,CCAA,QACE,aCFF,CCFA,MACE,SACF\\",\\"file\\":\\"bundle.css\\",\\"sourcesContent\\":[null,\\".bar {\\\\n  color: red;\\\\n}\\\\n\\",null,\\"#sidebar {\\\\n  width: 30%;\\\\n  background-color: #faa;\\\\n}\\",null,null,\\".pcss {\\\\n  color: red;\\\\n}\\\\n\\"]}"`;

exports[`minimize extract-sourcemap-true: js code 1`] = `
"'use strict';

console.log(undefined, undefined);
"
`;

exports[`minimize inject: js code 1`] = `
"'use strict';

function styleInject(css, ref) {
  if ( ref === void 0 ) ref = {};
  var insertAt = ref.insertAt;

  if (!css || typeof document === 'undefined') { return; }

  var head = document.head || document.getElementsByTagName('head')[0];
  var style = document.createElement('style');
  style.type = 'text/css';

  if (insertAt === 'top') {
    if (head.firstChild) {
      head.insertBefore(style, head.firstChild);
    } else {
      head.appendChild(style);
    }
  } else {
    head.appendChild(style);
  }

  if (style.styleSheet) {
    style.styleSheet.cssText = css;
  } else {
    style.appendChild(document.createTextNode(css));
  }
}

var css = \\"body{color:red}\\";
styleInject(css);

var css$1 = \\".bar{color:red}\\";
styleInject(css$1);

var css$2 = \\"body{color:red;background:red}\\";
styleInject(css$2);

var css$3 = \\"#sidebar{width:30%;background-color:#faa}\\";
styleInject(css$3);

var css$4 = \\"#header{color:#6c94be}\\";
styleInject(css$4);

var css$5 = \\".pcss{color:red}\\";
styleInject(css$5);

console.log(css, css$1);
"
`;

exports[`modules auto-modules: js code 1`] = `
"'use strict';

function styleInject(css, ref) {
  if ( ref === void 0 ) ref = {};
  var insertAt = ref.insertAt;

  if (!css || typeof document === 'undefined') { return; }

  var head = document.head || document.getElementsByTagName('head')[0];
  var style = document.createElement('style');
  style.type = 'text/css';

  if (insertAt === 'top') {
    if (head.firstChild) {
      head.insertBefore(style, head.firstChild);
    } else {
      head.appendChild(style);
    }
  } else {
    head.appendChild(style);
  }

  if (style.styleSheet) {
    style.styleSheet.cssText = css;
  } else {
    style.appendChild(document.createTextNode(css));
  }
}

var css = \\".a-module_foo {\\\\n  color: red;\\\\n}\\\\n\\";
var a = {\\"foo\\":\\"a-module_foo\\"};
styleInject(css);

var css$1 = \\".b-module_b {\\\\n  color: red;\\\\n}\\";
var b = {\\"b\\":\\"b-module_b\\"};
styleInject(css$1);

var css$2 = \\".c-module_c {\\\\n  color: red;\\\\n}\\\\n\\";
var c = {\\"c\\":\\"c-module_c\\"};
styleInject(css$2);

console.log(
  a,
  b,
  c
);
"
`;

exports[`modules extract: css code 1`] = `
".style_foo {
  color: red;
}
"
`;

exports[`modules extract: js code 1`] = `
"'use strict';

var style = {\\"foo\\":\\"style_foo\\"};

console.log(style.foo);
"
`;

exports[`modules inject: js code 1`] = `
"'use strict';

function styleInject(css, ref) {
  if ( ref === void 0 ) ref = {};
  var insertAt = ref.insertAt;

  if (!css || typeof document === 'undefined') { return; }

  var head = document.head || document.getElementsByTagName('head')[0];
  var style = document.createElement('style');
  style.type = 'text/css';

  if (insertAt === 'top') {
    if (head.firstChild) {
      head.insertBefore(style, head.firstChild);
    } else {
      head.appendChild(style);
    }
  } else {
    head.appendChild(style);
  }

  if (style.styleSheet) {
    style.styleSheet.cssText = css;
  } else {
    style.appendChild(document.createTextNode(css));
  }
}

var css = \\".style_foo {\\\\n  color: red;\\\\n}\\\\n\\";
var style = {\\"foo\\":\\"style_foo\\"};
styleInject(css);

console.log(style.foo);
"
`;

exports[`modules inject-object: js code 1`] = `
"'use strict';

function styleInject(css, ref) {
  if ( ref === void 0 ) ref = {};
  var insertAt = ref.insertAt;

  if (!css || typeof document === 'undefined') { return; }

  var head = document.head || document.getElementsByTagName('head')[0];
  var style = document.createElement('style');
  style.type = 'text/css';

  if (insertAt === 'top') {
    if (head.firstChild) {
      head.insertBefore(style, head.firstChild);
    } else {
      head.appendChild(style);
    }
  } else {
    head.appendChild(style);
  }

  if (style.styleSheet) {
    style.styleSheet.cssText = css;
  } else {
    style.appendChild(document.createTextNode(css));
  }
}

var css = \\".style_foo {\\\\n  color: red;\\\\n}\\\\n\\";
var style = {\\"foo\\":\\"style_foo\\"};
styleInject(css);

console.log(style.foo);
"
`;

exports[`modules named-exports: js code 1`] = `
"'use strict';

function styleInject(css, ref) {
  if ( ref === void 0 ) ref = {};
  var insertAt = ref.insertAt;

  if (!css || typeof document === 'undefined') { return; }

  var head = document.head || document.getElementsByTagName('head')[0];
  var style = document.createElement('style');
  style.type = 'text/css';

  if (insertAt === 'top') {
    if (head.firstChild) {
      head.insertBefore(style, head.firstChild);
    } else {
      head.appendChild(style);
    }
  } else {
    head.appendChild(style);
  }

  if (style.styleSheet) {
    style.styleSheet.cssText = css;
  } else {
    style.appendChild(document.createTextNode(css));
  }
}

var foo = \\"style_foo\\";
var $new$ = \\"style_new\\";
var css = \\".style_foo {\\\\n  color: red;\\\\n}\\\\n\\\\n.style_new {\\\\n  color: blue;\\\\n}\\\\n\\";
var style = {\\"foo\\":\\"style_foo\\",\\"new\\":\\"style_new\\",\\"$new$\\":\\"style_new\\"};
styleInject(css);

var style$1 = /*#__PURE__*/Object.freeze({
  foo: foo,
  $new$: $new$,
  default: style
});

console.log(style$1);
"
`;

exports[`modules named-exports-custom-class-name: js code 1`] = `
"'use strict';

function styleInject(css, ref) {
  if ( ref === void 0 ) ref = {};
  var insertAt = ref.insertAt;

  if (!css || typeof document === 'undefined') { return; }

  var head = document.head || document.getElementsByTagName('head')[0];
  var style = document.createElement('style');
  style.type = 'text/css';

  if (insertAt === 'top') {
    if (head.firstChild) {
      head.insertBefore(style, head.firstChild);
    } else {
      head.appendChild(style);
    }
  } else {
    head.appendChild(style);
  }

  if (style.styleSheet) {
    style.styleSheet.cssText = css;
  } else {
    style.appendChild(document.createTextNode(css));
  }
}

var foohacked = \\"style_foo\\";
var newhacked = \\"style_new\\";
var css = \\".style_foo {\\\\n  color: red;\\\\n}\\\\n\\\\n.style_new {\\\\n  color: blue;\\\\n}\\\\n\\";
var style = {\\"foo\\":\\"style_foo\\",\\"new\\":\\"style_new\\",\\"foohacked\\":\\"style_foo\\",\\"newhacked\\":\\"style_new\\"};
styleInject(css);

var style$1 = /*#__PURE__*/Object.freeze({
  foohacked: foohacked,
  newhacked: newhacked,
  default: style
});

console.log(style$1);
"
`;

exports[`onExtract 1`] = `
"'use strict';

console.log(undefined, undefined);
"
`;

exports[`sass default: js code 1`] = `
"'use strict';

function styleInject(css, ref) {
  if ( ref === void 0 ) ref = {};
  var insertAt = ref.insertAt;

  if (!css || typeof document === 'undefined') { return; }

  var head = document.head || document.getElementsByTagName('head')[0];
  var style = document.createElement('style');
  style.type = 'text/css';

  if (insertAt === 'top') {
    if (head.firstChild) {
      head.insertBefore(style, head.firstChild);
    } else {
      head.appendChild(style);
    }
  } else {
    head.appendChild(style);
  }

  if (style.styleSheet) {
    style.styleSheet.cssText = css;
  } else {
    style.appendChild(document.createTextNode(css));
  }
}

var css = \\"#sidebar {\\\\n  width: 30%;\\\\n  background-color: #faa;\\\\n}\\";
styleInject(css);
"
`;

exports[`sass import: js code 1`] = `
"'use strict';

function styleInject(css, ref) {
  if ( ref === void 0 ) ref = {};
  var insertAt = ref.insertAt;

  if (!css || typeof document === 'undefined') { return; }

  var head = document.head || document.getElementsByTagName('head')[0];
  var style = document.createElement('style');
  style.type = 'text/css';

  if (insertAt === 'top') {
    if (head.firstChild) {
      head.insertBefore(style, head.firstChild);
    } else {
      head.appendChild(style);
    }
  } else {
    head.appendChild(style);
  }

  if (style.styleSheet) {
    style.styleSheet.cssText = css;
  } else {
    style.appendChild(document.createTextNode(css));
  }
}

var css = \\".a {\\\\n  color: pink;\\\\n}\\\\n\\\\n.b {\\\\n  color: red;\\\\n}\\\\n\\\\n.c {\\\\n  color: black;\\\\n}\\\\n\\\\n.foo {\\\\n  color: magenta;\\\\n}\\";
styleInject(css);
"
`;

exports[`sass modules: js code 1`] = `
"'use strict';

function styleInject(css, ref) {
  if ( ref === void 0 ) ref = {};
  var insertAt = ref.insertAt;

  if (!css || typeof document === 'undefined') { return; }

  var head = document.head || document.getElementsByTagName('head')[0];
  var style = document.createElement('style');
  style.type = 'text/css';

  if (insertAt === 'top') {
    if (head.firstChild) {
      head.insertBefore(style, head.firstChild);
    } else {
      head.appendChild(style);
    }
  } else {
    head.appendChild(style);
  }

  if (style.styleSheet) {
    style.styleSheet.cssText = css;
  } else {
    style.appendChild(document.createTextNode(css));
  }
}

var css = \\".style_foo {\\\\n  color: red;\\\\n}\\";
var style = {\\"foo\\":\\"style_foo\\"};
styleInject(css);

console.log(style);
"
`;

exports[`sass sourcemap: js code 1`] = `
"'use strict';

function styleInject(css, ref) {
  if ( ref === void 0 ) ref = {};
  var insertAt = ref.insertAt;

  if (!css || typeof document === 'undefined') { return; }

  var head = document.head || document.getElementsByTagName('head')[0];
  var style = document.createElement('style');
  style.type = 'text/css';

  if (insertAt === 'top') {
    if (head.firstChild) {
      head.insertBefore(style, head.firstChild);
    } else {
      head.appendChild(style);
    }
  } else {
    head.appendChild(style);
  }

  if (style.styleSheet) {
    style.styleSheet.cssText = css;
  } else {
    style.appendChild(document.createTextNode(css));
  }
}

var css = \\"#sidebar {\\\\n  width: 30%;\\\\n  background-color: #faa;\\\\n}\\\\n/*# sourceMappingURL=data:application/json;base64,eyJ2ZXJzaW9uIjozLCJzb3VyY2VzIjpbImZvby5zYXNzIl0sIm5hbWVzIjpbXSwibWFwcGluZ3MiOiJBQUFBO0VBQ0UsVUFBVTtFQUNWLHNCQUFzQjtBQUN4QiIsImZpbGUiOiJmb28uc2FzcyIsInNvdXJjZXNDb250ZW50IjpbIiNzaWRlYmFyIHtcbiAgd2lkdGg6IDMwJTtcbiAgYmFja2dyb3VuZC1jb2xvcjogI2ZhYTtcbn0iXX0= */\\";
styleInject(css);
"
`;

exports[`sourcemap inline: js code 1`] = `
"'use strict';

function styleInject(css, ref) {
  if ( ref === void 0 ) ref = {};
  var insertAt = ref.insertAt;

  if (!css || typeof document === 'undefined') { return; }

  var head = document.head || document.getElementsByTagName('head')[0];
  var style = document.createElement('style');
  style.type = 'text/css';

  if (insertAt === 'top') {
    if (head.firstChild) {
      head.insertBefore(style, head.firstChild);
    } else {
      head.appendChild(style);
    }
  } else {
    head.appendChild(style);
  }

  if (style.styleSheet) {
    style.styleSheet.cssText = css;
  } else {
    style.appendChild(document.createTextNode(css));
  }
}

var css = \\"body {\\\\n  color: red;\\\\n}\\\\n\\\\n/*# sourceMappingURL=data:application/json;base64,eyJ2ZXJzaW9uIjozLCJzb3VyY2VzIjpbImZvby5jc3MiXSwibmFtZXMiOltdLCJtYXBwaW5ncyI6IkFBQUE7RUFDRSxVQUFVO0FBQ1oiLCJmaWxlIjoiZm9vLmNzcyIsInNvdXJjZXNDb250ZW50IjpbImJvZHkge1xuICBjb2xvcjogcmVkO1xufVxuIl19 */\\";
styleInject(css);

var css$1 = \\".bar {\\\\n  color: red;\\\\n}\\\\n\\\\n/*# sourceMappingURL=data:application/json;base64,eyJ2ZXJzaW9uIjozLCJzb3VyY2VzIjpbImJhci5jc3MiXSwibmFtZXMiOltdLCJtYXBwaW5ncyI6IkFBQUE7RUFDRSxVQUFVO0FBQ1oiLCJmaWxlIjoiYmFyLmNzcyIsInNvdXJjZXNDb250ZW50IjpbIi5iYXIge1xuICBjb2xvcjogcmVkO1xufVxuIl19 */\\";
styleInject(css$1);

var css$2 = \\"body {\\\\n  color: #f00;\\\\n  background: #f00;\\\\n}\\\\n/*# sourceMappingURL=test/fixtures/simple/style.css.map */\\\\n/*# sourceMappingURL=data:application/json;base64,eyJ2ZXJzaW9uIjozLCJzb3VyY2VzIjpbInRlc3QvZml4dHVyZXMvc2ltcGxlL3N0eWxlLnN0eWwiLCJzdHlsZS5zdHlsIl0sIm5hbWVzIjpbXSwibWFwcGluZ3MiOiJBQUFBO0VBQ0UsV0FBTztFQUNQLGdCQUFZO0FDQ2Q7QUFDQSx5REFBeUQiLCJmaWxlIjoic3R5bGUuc3R5bCJ9 */\\";
styleInject(css$2);

var css$3 = \\"#sidebar {\\\\n  width: 30%;\\\\n  background-color: #faa;\\\\n}\\\\n\\\\n/*# sourceMappingURL=inline */\\\\n/*# sourceMappingURL=data:application/json;base64,eyJ2ZXJzaW9uIjozLCJzb3VyY2VzIjpbImZpbGU6Ly8vVXNlcnMvYnVuZy9qc193b3Jrcy9yb2xsdXAtcGx1Z2luLXBvc3Rjc3MvdGVzdC9maXh0dXJlcy9zaW1wbGUvc3R5bGUuc2FzcyIsInN0eWxlLnNhc3MiXSwibmFtZXMiOltdLCJtYXBwaW5ncyI6IkFBQUE7RUFDRSxVQUFBO0VBQ0Esc0JBQUE7QUNDRjs7QUFFQSw2QkFBNkIiLCJmaWxlIjoic3R5bGUuc2FzcyJ9 */\\";
styleInject(css$3);

var css$4 = \\"#header {\\\\n  color: #6c94be;\\\\n}\\\\n\\\\n/*# sourceMappingURL=data:application/json;base64,eyJ2ZXJzaW9uIjozLCJzb3VyY2VzIjpbInRlc3QvZml4dHVyZXMvc2ltcGxlL3N0eWxlLmxlc3MiLCJzdHlsZS5sZXNzIl0sIm5hbWVzIjpbXSwibWFwcGluZ3MiOiJBQUdBO0VBQ0UsY0FBQTtBQ0ZGIiwiZmlsZSI6InN0eWxlLmxlc3MifQ== */\\";
styleInject(css$4);

var css$5 = \\".pcss {\\\\n  color: red;\\\\n}\\\\n\\\\n/*# sourceMappingURL=data:application/json;base64,eyJ2ZXJzaW9uIjozLCJzb3VyY2VzIjpbInN0eWxlLnBjc3MiXSwibmFtZXMiOltdLCJtYXBwaW5ncyI6IkFBQUE7RUFDRSxVQUFVO0FBQ1oiLCJmaWxlIjoic3R5bGUucGNzcyIsInNvdXJjZXNDb250ZW50IjpbIi5wY3NzIHtcbiAgY29sb3I6IHJlZDtcbn1cbiJdfQ== */\\";
styleInject(css$5);

console.log(css, css$1);
"
`;

exports[`sourcemap true: js code 1`] = `
"'use strict';

function styleInject(css, ref) {
  if ( ref === void 0 ) ref = {};
  var insertAt = ref.insertAt;

  if (!css || typeof document === 'undefined') { return; }

  var head = document.head || document.getElementsByTagName('head')[0];
  var style = document.createElement('style');
  style.type = 'text/css';

  if (insertAt === 'top') {
    if (head.firstChild) {
      head.insertBefore(style, head.firstChild);
    } else {
      head.appendChild(style);
    }
  } else {
    head.appendChild(style);
  }

  if (style.styleSheet) {
    style.styleSheet.cssText = css;
  } else {
    style.appendChild(document.createTextNode(css));
  }
}

var css = \\"body {\\\\n  color: red;\\\\n}\\\\n\\\\n/*# sourceMappingURL=data:application/json;base64,eyJ2ZXJzaW9uIjozLCJzb3VyY2VzIjpbImZvby5jc3MiXSwibmFtZXMiOltdLCJtYXBwaW5ncyI6IkFBQUE7RUFDRSxVQUFVO0FBQ1oiLCJmaWxlIjoiZm9vLmNzcyIsInNvdXJjZXNDb250ZW50IjpbImJvZHkge1xuICBjb2xvcjogcmVkO1xufVxuIl19 */\\";
styleInject(css);

var css$1 = \\".bar {\\\\n  color: red;\\\\n}\\\\n\\\\n/*# sourceMappingURL=data:application/json;base64,eyJ2ZXJzaW9uIjozLCJzb3VyY2VzIjpbImJhci5jc3MiXSwibmFtZXMiOltdLCJtYXBwaW5ncyI6IkFBQUE7RUFDRSxVQUFVO0FBQ1oiLCJmaWxlIjoiYmFyLmNzcyIsInNvdXJjZXNDb250ZW50IjpbIi5iYXIge1xuICBjb2xvcjogcmVkO1xufVxuIl19 */\\";
styleInject(css$1);

var css$2 = \\"body {\\\\n  color: #f00;\\\\n  background: #f00;\\\\n}\\\\n/*# sourceMappingURL=test/fixtures/simple/style.css.map */\\\\n/*# sourceMappingURL=data:application/json;base64,eyJ2ZXJzaW9uIjozLCJzb3VyY2VzIjpbInRlc3QvZml4dHVyZXMvc2ltcGxlL3N0eWxlLnN0eWwiLCJzdHlsZS5zdHlsIl0sIm5hbWVzIjpbXSwibWFwcGluZ3MiOiJBQUFBO0VBQ0UsV0FBTztFQUNQLGdCQUFZO0FDQ2Q7QUFDQSx5REFBeUQiLCJmaWxlIjoic3R5bGUuc3R5bCJ9 */\\";
styleInject(css$2);

var css$3 = \\"#sidebar {\\\\n  width: 30%;\\\\n  background-color: #faa;\\\\n}\\\\n/*# sourceMappingURL=data:application/json;base64,eyJ2ZXJzaW9uIjozLCJzb3VyY2VzIjpbInN0eWxlLnNhc3MiXSwibmFtZXMiOltdLCJtYXBwaW5ncyI6IkFBQUE7RUFDRSxVQUFVO0VBQ1Ysc0JBQXNCO0FBQ3hCIiwiZmlsZSI6InN0eWxlLnNhc3MiLCJzb3VyY2VzQ29udGVudCI6WyIjc2lkZWJhciB7XG4gIHdpZHRoOiAzMCU7XG4gIGJhY2tncm91bmQtY29sb3I6ICNmYWE7XG59Il19 */\\";
styleInject(css$3);

var css$4 = \\"#header {\\\\n  color: #6c94be;\\\\n}\\\\n\\\\n/*# sourceMappingURL=data:application/json;base64,eyJ2ZXJzaW9uIjozLCJzb3VyY2VzIjpbInRlc3QvZml4dHVyZXMvc2ltcGxlL3N0eWxlLmxlc3MiLCJzdHlsZS5sZXNzIl0sIm5hbWVzIjpbXSwibWFwcGluZ3MiOiJBQUdBO0VBQ0UsY0FBQTtBQ0ZGIiwiZmlsZSI6InN0eWxlLmxlc3MifQ== */\\";
styleInject(css$4);

var css$5 = \\".pcss {\\\\n  color: red;\\\\n}\\\\n\\\\n/*# sourceMappingURL=data:application/json;base64,eyJ2ZXJzaW9uIjozLCJzb3VyY2VzIjpbInN0eWxlLnBjc3MiXSwibmFtZXMiOltdLCJtYXBwaW5ncyI6IkFBQUE7RUFDRSxVQUFVO0FBQ1oiLCJmaWxlIjoic3R5bGUucGNzcyIsInNvdXJjZXNDb250ZW50IjpbIi5wY3NzIHtcbiAgY29sb3I6IHJlZDtcbn1cbiJdfQ== */\\";
styleInject(css$5);

console.log(css, css$1);
"
`;
